[{DateTime}] info: JustSaying.Fluent.QueuePublicationBuilder[0]
      Adding SQS publisher for message type 'JustSaying.TestingFramework.SimpleMessage'.
[{DateTime}] info: JustSaying.Fluent.QueuePublicationBuilder[0]
      Created SQS publisher for message type 'JustSaying.TestingFramework.SimpleMessage' on queue '{TestDiscriminator}'.
[{DateTime}] dbug: JustSaying[0]
      Checking if queue '{TestDiscriminator}' exists
[{DateTime}] dbug: JustSaying[0]
      Checking if queue '{TestDiscriminator}_error' exists
[{DateTime}] info: JustSaying[0]
      Created queue '{TestDiscriminator}_error' with ARN 'arn:aws:sqs:us-east-1:000000000000:{TestDiscriminator}_error'.
[{DateTime}] info: JustSaying[0]
      Creating error queue {TestDiscriminator}_error
[{DateTime}] info: JustSaying[0]
      Created queue '{TestDiscriminator}' with ARN 'arn:aws:sqs:us-east-1:000000000000:{TestDiscriminator}'.
[{DateTime}] info: JustSaying[0]
      Creating queue {TestDiscriminator} attempt number 0
[{DateTime}] info: JustSaying[0]
      Running 1 startup tasks
[{DateTime}] info: JustSaying[0]
      Starting bus with settings: JustSaying.Messaging.Interrogation.InterrogationResult
[{DateTime}] info: JustSaying.Messaging.Channels.SubscriptionGroups.SubscriptionGroupCollection[0]
      Subscription group collection successfully started
[{DateTime}] info: JustSaying[0]
      Starting bus
[{DateTime}] info: JustSaying.Publish[0]
      => AwsRequestId: {AwsRequestId}
      Published message {MessageId} of type SimpleMessage to Queue 'http://localhost:4566/000000000000/{TestDiscriminator}'.
